=== 2026-07-26 10:44 CST ===
远端新提交: 无
本地新提交: 无
推送: everything up-to-date
状态: ✅ 已同步
[2026-07-26 10:59 CST] Git auto-sync done. Remote: no new commits. Local: pushed 4 new files (797f793). Synced.

=== 2026-07-26 11:11 CST ===
❌ Git sync FAILED: Network unreachable
  - git fetch origin main → Could not resolve host: github.com
  - Status: git-sync.log has local unstaged changes; no unpushed commits
  - Remote status: unknown
  - Action taken: none (network unavailable)
  - Result: sync skipped, will retry next cron trigger
[2026-07-26 11:19:51] git-sync: 远端无新提交，本地无未推送提交，已同步。HEAD: 797f793 auto-sync

=== 2026-07-26 11:29 CST (cron auto-sync) ===
远端新提交: 无
本地改动: git-sync.log 更新 → 已 auto-sync 提交推送
状态: 两端同步 ✅
---
[2026-07-26 20:59 CST] ✅ 已同步，无变化
  远端新提交: 无 | 本地推送: 无 | 未跟踪改动: 无
